0 12
12 7
20 -24
4 54
-41 40
45 41
47 43
-62 31
31 -62
-42 -76
88 42
42 -92
-89 60
